[2023-07-18T09:29:25.383-0500][gc,heap] Heap region size: 1M
[2023-07-18T09:29:25.393-0500][gc     ] Using G1
[2023-07-18T09:29:25.393-0500][gc,heap,coops] Heap address: 0x00000000c0000000, size: 1024 MB, Compressed Oops mode: 32-bit
[2023-07-18T09:29:25.393-0500][gc,cds       ] Mark closed archive regions in map: [0x00000000ffe00000, 0x00000000ffe6aff8]
[2023-07-18T09:29:25.393-0500][gc,cds       ] Mark open archive regions in map: [0x00000000ffc00000, 0x00000000ffc46ff8]
[2023-07-18T09:29:26.121-0500][gc,start     ] GC(0) Pause Young (Normal) (G1 Evacuation Pause)
[2023-07-18T09:29:26.121-0500][gc,task      ] GC(0) Using 10 workers of 10 for evacuation
[2023-07-18T09:29:26.128-0500][gc,phases    ] GC(0)   Pre Evacuate Collection Set: 0,0ms
[2023-07-18T09:29:26.128-0500][gc,phases    ] GC(0)   Evacuate Collection Set: 6,0ms
[2023-07-18T09:29:26.128-0500][gc,phases    ] GC(0)   Post Evacuate Collection Set: 0,4ms
[2023-07-18T09:29:26.128-0500][gc,phases    ] GC(0)   Other: 0,8ms
[2023-07-18T09:29:26.128-0500][gc,heap      ] GC(0) Eden regions: 51->0(44)
[2023-07-18T09:29:26.128-0500][gc,heap      ] GC(0) Survivor regions: 0->7(7)
[2023-07-18T09:29:26.128-0500][gc,heap      ] GC(0) Old regions: 2->2
[2023-07-18T09:29:26.128-0500][gc,heap      ] GC(0) Humongous regions: 0->0
[2023-07-18T09:29:26.128-0500][gc,metaspace ] GC(0) Metaspace: 14200K(15104K)->14200K(15104K) NonClass: 12455K(13056K)->12455K(13056K) Class: 1744K(2048K)->1744K(2048K)
[2023-07-18T09:29:26.128-0500][gc           ] GC(0) Pause Young (Normal) (G1 Evacuation Pause) 51M->7M(1024M) 7,273ms
[2023-07-18T09:29:26.128-0500][gc,cpu       ] GC(0) User=0,05s Sys=0,01s Real=0,01s
[2023-07-18T09:29:32.715-0500][gc,heap,exit ] Heap
[2023-07-18T09:29:32.715-0500][gc,heap,exit ]  garbage-first heap   total 1048576K, used 11910K [0x00000000c0000000, 0x0000000100000000)
[2023-07-18T09:29:32.715-0500][gc,heap,exit ]   region size 1024K, 12 young (12288K), 7 survivors (7168K)
[2023-07-18T09:29:32.715-0500][gc,heap,exit ]  Metaspace       used 14934K, capacity 15448K, committed 15616K, reserved 1062912K
[2023-07-18T09:29:32.715-0500][gc,heap,exit ]   class space    used 1829K, capacity 2017K, committed 2048K, reserved 1048576K
