[2023-07-18T09:29:35.014-0500][gc,heap] Heap region size: 1M
[2023-07-18T09:29:35.024-0500][gc     ] Using G1
[2023-07-18T09:29:35.024-0500][gc,heap,coops] Heap address: 0x00000000c0000000, size: 1024 MB, Compressed Oops mode: 32-bit
[2023-07-18T09:29:35.025-0500][gc,cds       ] Mark closed archive regions in map: [0x00000000ffe00000, 0x00000000ffe6aff8]
[2023-07-18T09:29:35.025-0500][gc,cds       ] Mark open archive regions in map: [0x00000000ffc00000, 0x00000000ffc46ff8]
[2023-07-18T09:29:35.639-0500][gc,start     ] GC(0) Pause Young (Normal) (G1 Evacuation Pause)
[2023-07-18T09:29:35.640-0500][gc,task      ] GC(0) Using 10 workers of 10 for evacuation
[2023-07-18T09:29:35.646-0500][gc,phases    ] GC(0)   Pre Evacuate Collection Set: 0,0ms
[2023-07-18T09:29:35.646-0500][gc,phases    ] GC(0)   Evacuate Collection Set: 6,2ms
[2023-07-18T09:29:35.646-0500][gc,phases    ] GC(0)   Post Evacuate Collection Set: 0,4ms
[2023-07-18T09:29:35.646-0500][gc,phases    ] GC(0)   Other: 0,9ms
[2023-07-18T09:29:35.646-0500][gc,heap      ] GC(0) Eden regions: 51->0(44)
[2023-07-18T09:29:35.646-0500][gc,heap      ] GC(0) Survivor regions: 0->7(7)
[2023-07-18T09:29:35.646-0500][gc,heap      ] GC(0) Old regions: 2->2
[2023-07-18T09:29:35.646-0500][gc,heap      ] GC(0) Humongous regions: 0->0
[2023-07-18T09:29:35.646-0500][gc,metaspace ] GC(0) Metaspace: 14093K(14848K)->14093K(14848K) NonClass: 12357K(12800K)->12357K(12800K) Class: 1735K(2048K)->1735K(2048K)
[2023-07-18T09:29:35.647-0500][gc           ] GC(0) Pause Young (Normal) (G1 Evacuation Pause) 51M->7M(1024M) 7,608ms
[2023-07-18T09:29:35.647-0500][gc,cpu       ] GC(0) User=0,05s Sys=0,01s Real=0,01s
[2023-07-18T09:29:55.528-0500][gc,heap,exit ] Heap
[2023-07-18T09:29:55.528-0500][gc,heap,exit ]  garbage-first heap   total 1048576K, used 12571K [0x00000000c0000000, 0x0000000100000000)
[2023-07-18T09:29:55.528-0500][gc,heap,exit ]   region size 1024K, 13 young (13312K), 7 survivors (7168K)
[2023-07-18T09:29:55.528-0500][gc,heap,exit ]  Metaspace       used 15144K, capacity 15665K, committed 16000K, reserved 1062912K
[2023-07-18T09:29:55.528-0500][gc,heap,exit ]   class space    used 1863K, capacity 2070K, committed 2176K, reserved 1048576K
