[2023-08-01T00:59:29.574+0000][gc,heap] Heap region size: 1M
[2023-08-01T00:59:29.599+0000][gc     ] Using G1
[2023-08-01T00:59:29.599+0000][gc,heap,coops] Heap address: 0x00000000c0000000, size: 1024 MB, Compressed Oops mode: 32-bit
[2023-08-01T00:59:29.600+0000][gc,cds       ] Mark closed archive regions in map: [0x00000000fff00000, 0x00000000fff6aff8]
[2023-08-01T00:59:29.600+0000][gc,cds       ] Mark open archive regions in map: [0x00000000ffe00000, 0x00000000ffe47ff8]
[2023-08-01T00:59:30.397+0000][gc,heap,exit ] Heap
[2023-08-01T00:59:30.398+0000][gc,heap,exit ]  garbage-first heap   total 1048576K, used 33484K [0x00000000c0000000, 0x0000000100000000)
[2023-08-01T00:59:30.398+0000][gc,heap,exit ]   region size 1024K, 33 young (33792K), 0 survivors (0K)
[2023-08-01T00:59:30.398+0000][gc,heap,exit ]  Metaspace       used 9618K, capacity 9980K, committed 10112K, reserved 1058816K
[2023-08-01T00:59:30.398+0000][gc,heap,exit ]   class space    used 1185K, capacity 1336K, committed 1408K, reserved 1048576K
