[2023-07-18T10:06:45.593-0500][gc,heap] Heap region size: 1M
[2023-07-18T10:06:45.603-0500][gc     ] Using G1
[2023-07-18T10:06:45.603-0500][gc,heap,coops] Heap address: 0x00000000c0000000, size: 1024 MB, Compressed Oops mode: 32-bit
[2023-07-18T10:06:45.603-0500][gc,cds       ] Mark closed archive regions in map: [0x00000000ffe00000, 0x00000000ffe6aff8]
[2023-07-18T10:06:45.603-0500][gc,cds       ] Mark open archive regions in map: [0x00000000ffc00000, 0x00000000ffc46ff8]
[2023-07-18T10:06:46.229-0500][gc,start     ] GC(0) Pause Young (Normal) (G1 Evacuation Pause)
[2023-07-18T10:06:46.230-0500][gc,task      ] GC(0) Using 10 workers of 10 for evacuation
[2023-07-18T10:06:46.236-0500][gc,phases    ] GC(0)   Pre Evacuate Collection Set: 0,0ms
[2023-07-18T10:06:46.236-0500][gc,phases    ] GC(0)   Evacuate Collection Set: 6,0ms
[2023-07-18T10:06:46.236-0500][gc,phases    ] GC(0)   Post Evacuate Collection Set: 0,5ms
[2023-07-18T10:06:46.236-0500][gc,phases    ] GC(0)   Other: 0,8ms
[2023-07-18T10:06:46.236-0500][gc,heap      ] GC(0) Eden regions: 51->0(44)
[2023-07-18T10:06:46.236-0500][gc,heap      ] GC(0) Survivor regions: 0->7(7)
[2023-07-18T10:06:46.236-0500][gc,heap      ] GC(0) Old regions: 2->2
[2023-07-18T10:06:46.236-0500][gc,heap      ] GC(0) Humongous regions: 0->0
[2023-07-18T10:06:46.236-0500][gc,metaspace ] GC(0) Metaspace: 14183K(15104K)->14183K(15104K) NonClass: 12438K(13056K)->12438K(13056K) Class: 1744K(2048K)->1744K(2048K)
[2023-07-18T10:06:46.236-0500][gc           ] GC(0) Pause Young (Normal) (G1 Evacuation Pause) 51M->7M(1024M) 7,325ms
[2023-07-18T10:06:46.236-0500][gc,cpu       ] GC(0) User=0,06s Sys=0,01s Real=0,00s
[2023-07-18T10:06:46.616-0500][gc,start     ] GC(1) Pause Young (Concurrent Start) (Metadata GC Threshold)
[2023-07-18T10:06:46.616-0500][gc,task      ] GC(1) Using 10 workers of 10 for evacuation
[2023-07-18T10:06:46.624-0500][gc,phases    ] GC(1)   Pre Evacuate Collection Set: 0,1ms
[2023-07-18T10:06:46.624-0500][gc,phases    ] GC(1)   Evacuate Collection Set: 7,4ms
[2023-07-18T10:06:46.625-0500][gc,phases    ] GC(1)   Post Evacuate Collection Set: 0,3ms
[2023-07-18T10:06:46.625-0500][gc,phases    ] GC(1)   Other: 0,2ms
[2023-07-18T10:06:46.625-0500][gc,heap      ] GC(1) Eden regions: 30->0(49)
[2023-07-18T10:06:46.625-0500][gc,heap      ] GC(1) Survivor regions: 7->2(7)
[2023-07-18T10:06:46.625-0500][gc,heap      ] GC(1) Old regions: 2->9
[2023-07-18T10:06:46.625-0500][gc,heap      ] GC(1) Humongous regions: 0->0
[2023-07-18T10:06:46.625-0500][gc,metaspace ] GC(1) Metaspace: 20478K(21248K)->20478K(21248K) NonClass: 18001K(18432K)->18001K(18432K) Class: 2477K(2816K)->2477K(2816K)
[2023-07-18T10:06:46.625-0500][gc           ] GC(1) Pause Young (Concurrent Start) (Metadata GC Threshold) 37M->8M(1024M) 8,108ms
[2023-07-18T10:06:46.625-0500][gc,cpu       ] GC(1) User=0,03s Sys=0,00s Real=0,01s
[2023-07-18T10:06:46.625-0500][gc           ] GC(2) Concurrent Cycle
[2023-07-18T10:06:46.625-0500][gc,marking   ] GC(2) Concurrent Clear Claimed Marks
[2023-07-18T10:06:46.625-0500][gc,marking   ] GC(2) Concurrent Clear Claimed Marks 0,022ms
[2023-07-18T10:06:46.625-0500][gc,marking   ] GC(2) Concurrent Scan Root Regions
[2023-07-18T10:06:46.625-0500][gc,marking   ] GC(2) Concurrent Scan Root Regions 0,732ms
[2023-07-18T10:06:46.625-0500][gc,marking   ] GC(2) Concurrent Mark (1,035s)
[2023-07-18T10:06:46.625-0500][gc,marking   ] GC(2) Concurrent Mark From Roots
[2023-07-18T10:06:46.626-0500][gc,task      ] GC(2) Using 3 workers of 3 for marking
[2023-07-18T10:06:46.630-0500][gc,marking   ] GC(2) Concurrent Mark From Roots 4,761ms
[2023-07-18T10:06:46.630-0500][gc,marking   ] GC(2) Concurrent Preclean
[2023-07-18T10:06:46.630-0500][gc,marking   ] GC(2) Concurrent Preclean 0,190ms
[2023-07-18T10:06:46.630-0500][gc,marking   ] GC(2) Concurrent Mark (1,035s, 1,040s) 4,994ms
[2023-07-18T10:06:46.631-0500][gc,start     ] GC(2) Pause Remark
[2023-07-18T10:06:46.632-0500][gc,stringtable] GC(2) Cleaned string and symbol table, strings: 5292 processed, 0 removed, symbols: 53086 processed, 44 removed
[2023-07-18T10:06:46.632-0500][gc            ] GC(2) Pause Remark 8M->8M(1024M) 1,214ms
[2023-07-18T10:06:46.632-0500][gc,cpu        ] GC(2) User=0,01s Sys=0,00s Real=0,00s
[2023-07-18T10:06:46.632-0500][gc,marking    ] GC(2) Concurrent Rebuild Remembered Sets
[2023-07-18T10:06:46.634-0500][gc,marking    ] GC(2) Concurrent Rebuild Remembered Sets 1,846ms
[2023-07-18T10:06:46.634-0500][gc,start      ] GC(2) Pause Cleanup
[2023-07-18T10:06:46.634-0500][gc            ] GC(2) Pause Cleanup 9M->9M(1024M) 0,144ms
[2023-07-18T10:06:46.634-0500][gc,cpu        ] GC(2) User=0,01s Sys=0,00s Real=0,00s
[2023-07-18T10:06:46.634-0500][gc,marking    ] GC(2) Concurrent Cleanup for Next Mark
[2023-07-18T10:06:46.637-0500][gc,marking    ] GC(2) Concurrent Cleanup for Next Mark 3,316ms
[2023-07-18T10:06:46.637-0500][gc            ] GC(2) Concurrent Cycle 12,624ms
[2023-07-18T10:06:47.067-0500][gc,start      ] GC(3) Pause Young (Normal) (G1 Evacuation Pause)
[2023-07-18T10:06:47.067-0500][gc,task       ] GC(3) Using 10 workers of 10 for evacuation
[2023-07-18T10:06:47.071-0500][gc,phases     ] GC(3)   Pre Evacuate Collection Set: 0,0ms
[2023-07-18T10:06:47.071-0500][gc,phases     ] GC(3)   Evacuate Collection Set: 3,4ms
[2023-07-18T10:06:47.071-0500][gc,phases     ] GC(3)   Post Evacuate Collection Set: 0,3ms
[2023-07-18T10:06:47.071-0500][gc,phases     ] GC(3)   Other: 0,1ms
[2023-07-18T10:06:47.071-0500][gc,heap       ] GC(3) Eden regions: 49->0(46)
[2023-07-18T10:06:47.071-0500][gc,heap       ] GC(3) Survivor regions: 2->5(7)
[2023-07-18T10:06:47.071-0500][gc,heap       ] GC(3) Old regions: 9->9
[2023-07-18T10:06:47.071-0500][gc,heap       ] GC(3) Humongous regions: 129->129
[2023-07-18T10:06:47.071-0500][gc,metaspace  ] GC(3) Metaspace: 28508K(29696K)->28508K(29696K) NonClass: 25178K(25856K)->25178K(25856K) Class: 3330K(3840K)->3330K(3840K)
[2023-07-18T10:06:47.071-0500][gc            ] GC(3) Pause Young (Normal) (G1 Evacuation Pause) 186M->140M(1024M) 3,947ms
[2023-07-18T10:06:47.071-0500][gc,cpu        ] GC(3) User=0,04s Sys=0,00s Real=0,01s
[2023-07-18T10:19:06.590-0500][gc,start      ] GC(4) Pause Young (Normal) (G1 Evacuation Pause)
[2023-07-18T10:19:06.590-0500][gc,task       ] GC(4) Using 10 workers of 10 for evacuation
[2023-07-18T10:19:06.596-0500][gc,phases     ] GC(4)   Pre Evacuate Collection Set: 0,0ms
[2023-07-18T10:19:06.596-0500][gc,phases     ] GC(4)   Evacuate Collection Set: 5,3ms
[2023-07-18T10:19:06.596-0500][gc,phases     ] GC(4)   Post Evacuate Collection Set: 0,3ms
[2023-07-18T10:19:06.596-0500][gc,phases     ] GC(4)   Other: 0,3ms
[2023-07-18T10:19:06.596-0500][gc,heap       ] GC(4) Eden regions: 46->0(49)
[2023-07-18T10:19:06.596-0500][gc,heap       ] GC(4) Survivor regions: 5->2(7)
[2023-07-18T10:19:06.596-0500][gc,heap       ] GC(4) Old regions: 9->14
[2023-07-18T10:19:06.596-0500][gc,heap       ] GC(4) Humongous regions: 129->129
[2023-07-18T10:19:06.596-0500][gc,metaspace  ] GC(4) Metaspace: 34212K(35712K)->34212K(35712K) NonClass: 30311K(31232K)->30311K(31232K) Class: 3901K(4480K)->3901K(4480K)
[2023-07-18T10:19:06.596-0500][gc            ] GC(4) Pause Young (Normal) (G1 Evacuation Pause) 186M->142M(1024M) 5,948ms
[2023-07-18T10:19:06.596-0500][gc,cpu        ] GC(4) User=0,05s Sys=0,01s Real=0,00s
[2023-07-18T10:46:40.284-0500][gc,start      ] GC(5) Pause Young (Concurrent Start) (Metadata GC Threshold)
[2023-07-18T10:46:40.284-0500][gc,task       ] GC(5) Using 10 workers of 10 for evacuation
[2023-07-18T10:46:40.287-0500][gc,phases     ] GC(5)   Pre Evacuate Collection Set: 0,1ms
[2023-07-18T10:46:40.287-0500][gc,phases     ] GC(5)   Evacuate Collection Set: 2,5ms
[2023-07-18T10:46:40.287-0500][gc,phases     ] GC(5)   Post Evacuate Collection Set: 0,4ms
[2023-07-18T10:46:40.287-0500][gc,phases     ] GC(5)   Other: 0,4ms
[2023-07-18T10:46:40.287-0500][gc,heap       ] GC(5) Eden regions: 37->0(49)
[2023-07-18T10:46:40.287-0500][gc,heap       ] GC(5) Survivor regions: 2->2(7)
[2023-07-18T10:46:40.287-0500][gc,heap       ] GC(5) Old regions: 14->14
[2023-07-18T10:46:40.287-0500][gc,heap       ] GC(5) Humongous regions: 129->129
[2023-07-18T10:46:40.287-0500][gc,metaspace  ] GC(5) Metaspace: 34417K(35840K)->34417K(35840K) NonClass: 30510K(31232K)->30510K(31232K) Class: 3907K(4608K)->3907K(4608K)
[2023-07-18T10:46:40.287-0500][gc            ] GC(5) Pause Young (Concurrent Start) (Metadata GC Threshold) 179M->142M(1024M) 3,580ms
[2023-07-18T10:46:40.287-0500][gc,cpu        ] GC(5) User=0,02s Sys=0,00s Real=0,00s
[2023-07-18T10:46:40.287-0500][gc            ] GC(6) Concurrent Cycle
[2023-07-18T10:46:40.287-0500][gc,marking    ] GC(6) Concurrent Clear Claimed Marks
[2023-07-18T10:46:40.287-0500][gc,marking    ] GC(6) Concurrent Clear Claimed Marks 0,033ms
[2023-07-18T10:46:40.287-0500][gc,marking    ] GC(6) Concurrent Scan Root Regions
[2023-07-18T10:46:40.290-0500][gc,marking    ] GC(6) Concurrent Scan Root Regions 2,402ms
[2023-07-18T10:46:40.290-0500][gc,marking    ] GC(6) Concurrent Mark (2394,699s)
[2023-07-18T10:46:40.290-0500][gc,marking    ] GC(6) Concurrent Mark From Roots
[2023-07-18T10:46:40.290-0500][gc,task       ] GC(6) Using 3 workers of 3 for marking
[2023-07-18T10:46:40.298-0500][gc,marking    ] GC(6) Concurrent Mark From Roots 7,982ms
[2023-07-18T10:46:40.298-0500][gc,marking    ] GC(6) Concurrent Preclean
[2023-07-18T10:46:40.298-0500][gc,marking    ] GC(6) Concurrent Preclean 0,285ms
[2023-07-18T10:46:40.298-0500][gc,marking    ] GC(6) Concurrent Mark (2394,699s, 2394,708s) 8,304ms
[2023-07-18T10:46:40.298-0500][gc,start      ] GC(6) Pause Remark
[2023-07-18T10:46:40.301-0500][gc,stringtable] GC(6) Cleaned string and symbol table, strings: 10588 processed, 816 removed, symbols: 85319 processed, 18 removed
[2023-07-18T10:46:40.301-0500][gc            ] GC(6) Pause Remark 142M->142M(1024M) 3,307ms
[2023-07-18T10:46:40.301-0500][gc,cpu        ] GC(6) User=0,02s Sys=0,00s Real=0,01s
[2023-07-18T10:46:40.302-0500][gc,marking    ] GC(6) Concurrent Rebuild Remembered Sets
[2023-07-18T10:46:40.305-0500][gc,marking    ] GC(6) Concurrent Rebuild Remembered Sets 3,388ms
[2023-07-18T10:46:40.305-0500][gc,start      ] GC(6) Pause Cleanup
[2023-07-18T10:46:40.305-0500][gc            ] GC(6) Pause Cleanup 143M->143M(1024M) 0,153ms
[2023-07-18T10:46:40.305-0500][gc,cpu        ] GC(6) User=0,00s Sys=0,00s Real=0,00s
[2023-07-18T10:46:40.305-0500][gc,marking    ] GC(6) Concurrent Cleanup for Next Mark
[2023-07-18T10:46:40.308-0500][gc,marking    ] GC(6) Concurrent Cleanup for Next Mark 3,075ms
[2023-07-18T10:46:40.308-0500][gc            ] GC(6) Concurrent Cycle 21,152ms
[2023-07-18T10:46:41.135-0500][gc,heap,exit  ] Heap
[2023-07-18T10:46:41.135-0500][gc,heap,exit  ]  garbage-first heap   total 1048576K, used 168639K [0x00000000c0000000, 0x0000000100000000)
[2023-07-18T10:46:41.135-0500][gc,heap,exit  ]   region size 1024K, 25 young (25600K), 2 survivors (2048K)
[2023-07-18T10:46:41.135-0500][gc,heap,exit  ]  Metaspace       used 37100K, capacity 38770K, committed 38912K, reserved 1083392K
[2023-07-18T10:46:41.135-0500][gc,heap,exit  ]   class space    used 4491K, capacity 5277K, committed 5376K, reserved 1048576K
