[2023-07-18T09:57:06.306-0500][gc,heap] Heap region size: 1M
[2023-07-18T09:57:06.316-0500][gc     ] Using G1
[2023-07-18T09:57:06.316-0500][gc,heap,coops] Heap address: 0x00000000c0000000, size: 1024 MB, Compressed Oops mode: 32-bit
[2023-07-18T09:57:06.316-0500][gc,cds       ] Mark closed archive regions in map: [0x00000000ffe00000, 0x00000000ffe6aff8]
[2023-07-18T09:57:06.316-0500][gc,cds       ] Mark open archive regions in map: [0x00000000ffc00000, 0x00000000ffc46ff8]
[2023-07-18T09:57:06.919-0500][gc,start     ] GC(0) Pause Young (Normal) (G1 Evacuation Pause)
[2023-07-18T09:57:06.920-0500][gc,task      ] GC(0) Using 10 workers of 10 for evacuation
[2023-07-18T09:57:06.926-0500][gc,phases    ] GC(0)   Pre Evacuate Collection Set: 0,0ms
[2023-07-18T09:57:06.926-0500][gc,phases    ] GC(0)   Evacuate Collection Set: 5,7ms
[2023-07-18T09:57:06.926-0500][gc,phases    ] GC(0)   Post Evacuate Collection Set: 0,4ms
[2023-07-18T09:57:06.926-0500][gc,phases    ] GC(0)   Other: 1,1ms
[2023-07-18T09:57:06.926-0500][gc,heap      ] GC(0) Eden regions: 51->0(44)
[2023-07-18T09:57:06.926-0500][gc,heap      ] GC(0) Survivor regions: 0->7(7)
[2023-07-18T09:57:06.926-0500][gc,heap      ] GC(0) Old regions: 2->2
[2023-07-18T09:57:06.926-0500][gc,heap      ] GC(0) Humongous regions: 0->0
[2023-07-18T09:57:06.926-0500][gc,metaspace ] GC(0) Metaspace: 14077K(14848K)->14077K(14848K) NonClass: 12342K(12800K)->12342K(12800K) Class: 1735K(2048K)->1735K(2048K)
[2023-07-18T09:57:06.926-0500][gc           ] GC(0) Pause Young (Normal) (G1 Evacuation Pause) 51M->7M(1024M) 7,246ms
[2023-07-18T09:57:06.926-0500][gc,cpu       ] GC(0) User=0,05s Sys=0,01s Real=0,01s
[2023-07-18T09:57:07.481-0500][gc,start     ] GC(1) Pause Young (Concurrent Start) (Metadata GC Threshold)
[2023-07-18T09:57:07.481-0500][gc,task      ] GC(1) Using 10 workers of 10 for evacuation
[2023-07-18T09:57:07.489-0500][gc,phases    ] GC(1)   Pre Evacuate Collection Set: 0,1ms
[2023-07-18T09:57:07.489-0500][gc,phases    ] GC(1)   Evacuate Collection Set: 7,2ms
[2023-07-18T09:57:07.489-0500][gc,phases    ] GC(1)   Post Evacuate Collection Set: 0,3ms
[2023-07-18T09:57:07.489-0500][gc,phases    ] GC(1)   Other: 0,2ms
[2023-07-18T09:57:07.489-0500][gc,heap      ] GC(1) Eden regions: 29->0(49)
[2023-07-18T09:57:07.489-0500][gc,heap      ] GC(1) Survivor regions: 7->2(7)
[2023-07-18T09:57:07.489-0500][gc,heap      ] GC(1) Old regions: 2->9
[2023-07-18T09:57:07.489-0500][gc,heap      ] GC(1) Humongous regions: 0->0
[2023-07-18T09:57:07.489-0500][gc,metaspace ] GC(1) Metaspace: 20463K(21248K)->20463K(21248K) NonClass: 17987K(18432K)->17987K(18432K) Class: 2475K(2816K)->2475K(2816K)
[2023-07-18T09:57:07.489-0500][gc           ] GC(1) Pause Young (Concurrent Start) (Metadata GC Threshold) 35M->8M(1024M) 7,843ms
[2023-07-18T09:57:07.489-0500][gc,cpu       ] GC(1) User=0,03s Sys=0,01s Real=0,01s
[2023-07-18T09:57:07.489-0500][gc           ] GC(2) Concurrent Cycle
[2023-07-18T09:57:07.489-0500][gc,marking   ] GC(2) Concurrent Clear Claimed Marks
[2023-07-18T09:57:07.489-0500][gc,marking   ] GC(2) Concurrent Clear Claimed Marks 0,017ms
[2023-07-18T09:57:07.489-0500][gc,marking   ] GC(2) Concurrent Scan Root Regions
[2023-07-18T09:57:07.490-0500][gc,marking   ] GC(2) Concurrent Scan Root Regions 0,659ms
[2023-07-18T09:57:07.490-0500][gc,marking   ] GC(2) Concurrent Mark (1,187s)
[2023-07-18T09:57:07.490-0500][gc,marking   ] GC(2) Concurrent Mark From Roots
[2023-07-18T09:57:07.490-0500][gc,task      ] GC(2) Using 3 workers of 3 for marking
[2023-07-18T09:57:07.494-0500][gc,marking   ] GC(2) Concurrent Mark From Roots 3,617ms
[2023-07-18T09:57:07.494-0500][gc,marking   ] GC(2) Concurrent Preclean
[2023-07-18T09:57:07.494-0500][gc,marking   ] GC(2) Concurrent Preclean 0,242ms
[2023-07-18T09:57:07.494-0500][gc,marking   ] GC(2) Concurrent Mark (1,187s, 1,191s) 3,905ms
[2023-07-18T09:57:07.494-0500][gc,start     ] GC(2) Pause Remark
[2023-07-18T09:57:07.496-0500][gc,stringtable] GC(2) Cleaned string and symbol table, strings: 5290 processed, 0 removed, symbols: 53024 processed, 44 removed
[2023-07-18T09:57:07.496-0500][gc            ] GC(2) Pause Remark 8M->8M(1024M) 1,942ms
[2023-07-18T09:57:07.496-0500][gc,cpu        ] GC(2) User=0,02s Sys=0,00s Real=0,00s
[2023-07-18T09:57:07.496-0500][gc,marking    ] GC(2) Concurrent Rebuild Remembered Sets
[2023-07-18T09:57:07.498-0500][gc,marking    ] GC(2) Concurrent Rebuild Remembered Sets 1,787ms
[2023-07-18T09:57:07.498-0500][gc,start      ] GC(2) Pause Cleanup
[2023-07-18T09:57:07.498-0500][gc            ] GC(2) Pause Cleanup 8M->8M(1024M) 0,145ms
[2023-07-18T09:57:07.498-0500][gc,cpu        ] GC(2) User=0,00s Sys=0,00s Real=0,00s
[2023-07-18T09:57:07.498-0500][gc,marking    ] GC(2) Concurrent Cleanup for Next Mark
[2023-07-18T09:57:07.501-0500][gc,marking    ] GC(2) Concurrent Cleanup for Next Mark 2,916ms
[2023-07-18T09:57:07.501-0500][gc            ] GC(2) Concurrent Cycle 11,740ms
[2023-07-18T09:57:07.917-0500][gc,start      ] GC(3) Pause Young (Normal) (G1 Evacuation Pause)
[2023-07-18T09:57:07.917-0500][gc,task       ] GC(3) Using 10 workers of 10 for evacuation
[2023-07-18T09:57:07.920-0500][gc,phases     ] GC(3)   Pre Evacuate Collection Set: 0,0ms
[2023-07-18T09:57:07.920-0500][gc,phases     ] GC(3)   Evacuate Collection Set: 2,7ms
[2023-07-18T09:57:07.920-0500][gc,phases     ] GC(3)   Post Evacuate Collection Set: 0,4ms
[2023-07-18T09:57:07.920-0500][gc,phases     ] GC(3)   Other: 0,2ms
[2023-07-18T09:57:07.920-0500][gc,heap       ] GC(3) Eden regions: 49->0(46)
[2023-07-18T09:57:07.920-0500][gc,heap       ] GC(3) Survivor regions: 2->5(7)
[2023-07-18T09:57:07.920-0500][gc,heap       ] GC(3) Old regions: 9->9
[2023-07-18T09:57:07.920-0500][gc,heap       ] GC(3) Humongous regions: 129->129
[2023-07-18T09:57:07.920-0500][gc,metaspace  ] GC(3) Metaspace: 28513K(29696K)->28513K(29696K) NonClass: 25183K(25856K)->25183K(25856K) Class: 3329K(3840K)->3329K(3840K)
[2023-07-18T09:57:07.920-0500][gc            ] GC(3) Pause Young (Normal) (G1 Evacuation Pause) 186M->140M(1024M) 3,426ms
[2023-07-18T09:57:07.920-0500][gc,cpu        ] GC(3) User=0,02s Sys=0,00s Real=0,00s
[2023-07-18T10:00:33.838-0500][gc,start      ] GC(4) Pause Young (Concurrent Start) (Metadata GC Threshold)
[2023-07-18T10:00:33.838-0500][gc,task       ] GC(4) Using 10 workers of 10 for evacuation
[2023-07-18T10:00:33.845-0500][gc,phases     ] GC(4)   Pre Evacuate Collection Set: 0,1ms
[2023-07-18T10:00:33.845-0500][gc,phases     ] GC(4)   Evacuate Collection Set: 7,1ms
[2023-07-18T10:00:33.845-0500][gc,phases     ] GC(4)   Post Evacuate Collection Set: 0,3ms
[2023-07-18T10:00:33.845-0500][gc,phases     ] GC(4)   Other: 0,2ms
[2023-07-18T10:00:33.845-0500][gc,heap       ] GC(4) Eden regions: 37->0(49)
[2023-07-18T10:00:33.845-0500][gc,heap       ] GC(4) Survivor regions: 5->2(7)
[2023-07-18T10:00:33.845-0500][gc,heap       ] GC(4) Old regions: 9->13
[2023-07-18T10:00:33.845-0500][gc,heap       ] GC(4) Humongous regions: 129->129
[2023-07-18T10:00:33.845-0500][gc,metaspace  ] GC(4) Metaspace: 34501K(35840K)->34501K(35840K) NonClass: 30553K(31232K)->30553K(31232K) Class: 3947K(4608K)->3947K(4608K)
[2023-07-18T10:00:33.845-0500][gc            ] GC(4) Pause Young (Concurrent Start) (Metadata GC Threshold) 177M->142M(1024M) 7,868ms
[2023-07-18T10:00:33.845-0500][gc,cpu        ] GC(4) User=0,03s Sys=0,00s Real=0,01s
[2023-07-18T10:00:33.845-0500][gc            ] GC(5) Concurrent Cycle
[2023-07-18T10:00:33.845-0500][gc,marking    ] GC(5) Concurrent Clear Claimed Marks
[2023-07-18T10:00:33.845-0500][gc,marking    ] GC(5) Concurrent Clear Claimed Marks 0,031ms
[2023-07-18T10:00:33.845-0500][gc,marking    ] GC(5) Concurrent Scan Root Regions
[2023-07-18T10:00:33.846-0500][gc,marking    ] GC(5) Concurrent Scan Root Regions 0,853ms
[2023-07-18T10:00:33.846-0500][gc,marking    ] GC(5) Concurrent Mark (207,543s)
[2023-07-18T10:00:33.846-0500][gc,marking    ] GC(5) Concurrent Mark From Roots
[2023-07-18T10:00:33.846-0500][gc,task       ] GC(5) Using 3 workers of 3 for marking
[2023-07-18T10:00:33.855-0500][gc,marking    ] GC(5) Concurrent Mark From Roots 8,361ms
[2023-07-18T10:00:33.855-0500][gc,marking    ] GC(5) Concurrent Preclean
[2023-07-18T10:00:33.855-0500][gc,marking    ] GC(5) Concurrent Preclean 0,157ms
[2023-07-18T10:00:33.855-0500][gc,marking    ] GC(5) Concurrent Mark (207,543s, 207,551s) 8,562ms
[2023-07-18T10:00:33.855-0500][gc,start      ] GC(5) Pause Remark
[2023-07-18T10:00:33.856-0500][gc,stringtable] GC(5) Cleaned string and symbol table, strings: 10616 processed, 15 removed, symbols: 86263 processed, 15 removed
[2023-07-18T10:00:33.856-0500][gc            ] GC(5) Pause Remark 144M->144M(1024M) 1,414ms
[2023-07-18T10:00:33.856-0500][gc,cpu        ] GC(5) User=0,01s Sys=0,00s Real=0,00s
[2023-07-18T10:00:33.856-0500][gc,marking    ] GC(5) Concurrent Rebuild Remembered Sets
[2023-07-18T10:00:33.860-0500][gc,marking    ] GC(5) Concurrent Rebuild Remembered Sets 3,875ms
[2023-07-18T10:00:33.860-0500][gc,start      ] GC(5) Pause Cleanup
[2023-07-18T10:00:33.861-0500][gc            ] GC(5) Pause Cleanup 145M->145M(1024M) 0,290ms
[2023-07-18T10:00:33.861-0500][gc,cpu        ] GC(5) User=0,00s Sys=0,00s Real=0,00s
[2023-07-18T10:00:33.861-0500][gc,marking    ] GC(5) Concurrent Cleanup for Next Mark
[2023-07-18T10:00:33.864-0500][gc,marking    ] GC(5) Concurrent Cleanup for Next Mark 3,379ms
[2023-07-18T10:00:33.864-0500][gc            ] GC(5) Concurrent Cycle 18,827ms
[2023-07-18T10:06:13.068-0500][gc,heap,exit  ] Heap
[2023-07-18T10:06:13.068-0500][gc,heap,exit  ]  garbage-first heap   total 1048576K, used 174685K [0x00000000c0000000, 0x0000000100000000)
[2023-07-18T10:06:13.068-0500][gc,heap,exit  ]   region size 1024K, 31 young (31744K), 2 survivors (2048K)
[2023-07-18T10:06:13.068-0500][gc,heap,exit  ]  Metaspace       used 36754K, capacity 38358K, committed 38656K, reserved 1083392K
[2023-07-18T10:06:13.068-0500][gc,heap,exit  ]   class space    used 4308K, capacity 5051K, committed 5120K, reserved 1048576K
