[2023-07-18T10:52:33.212-0500][gc,heap] Heap region size: 1M
[2023-07-18T10:52:33.222-0500][gc     ] Using G1
[2023-07-18T10:52:33.222-0500][gc,heap,coops] Heap address: 0x00000000c0000000, size: 1024 MB, Compressed Oops mode: 32-bit
[2023-07-18T10:52:33.222-0500][gc,cds       ] Mark closed archive regions in map: [0x00000000ffe00000, 0x00000000ffe6aff8]
[2023-07-18T10:52:33.222-0500][gc,cds       ] Mark open archive regions in map: [0x00000000ffc00000, 0x00000000ffc46ff8]
[2023-07-18T10:52:33.874-0500][gc,start     ] GC(0) Pause Young (Normal) (G1 Evacuation Pause)
[2023-07-18T10:52:33.874-0500][gc,task      ] GC(0) Using 10 workers of 10 for evacuation
[2023-07-18T10:52:33.881-0500][gc,phases    ] GC(0)   Pre Evacuate Collection Set: 0,0ms
[2023-07-18T10:52:33.881-0500][gc,phases    ] GC(0)   Evacuate Collection Set: 5,9ms
[2023-07-18T10:52:33.881-0500][gc,phases    ] GC(0)   Post Evacuate Collection Set: 0,4ms
[2023-07-18T10:52:33.881-0500][gc,phases    ] GC(0)   Other: 0,6ms
[2023-07-18T10:52:33.881-0500][gc,heap      ] GC(0) Eden regions: 51->0(44)
[2023-07-18T10:52:33.881-0500][gc,heap      ] GC(0) Survivor regions: 0->7(7)
[2023-07-18T10:52:33.881-0500][gc,heap      ] GC(0) Old regions: 2->2
[2023-07-18T10:52:33.881-0500][gc,heap      ] GC(0) Humongous regions: 0->0
[2023-07-18T10:52:33.881-0500][gc,metaspace ] GC(0) Metaspace: 14184K(15104K)->14184K(15104K) NonClass: 12440K(13056K)->12440K(13056K) Class: 1744K(2048K)->1744K(2048K)
[2023-07-18T10:52:33.881-0500][gc           ] GC(0) Pause Young (Normal) (G1 Evacuation Pause) 51M->7M(1024M) 7,094ms
[2023-07-18T10:52:33.881-0500][gc,cpu       ] GC(0) User=0,05s Sys=0,01s Real=0,01s
[2023-07-18T10:52:34.249-0500][gc,start     ] GC(1) Pause Young (Concurrent Start) (Metadata GC Threshold)
[2023-07-18T10:52:34.249-0500][gc,task      ] GC(1) Using 10 workers of 10 for evacuation
[2023-07-18T10:52:34.256-0500][gc,phases    ] GC(1)   Pre Evacuate Collection Set: 0,1ms
[2023-07-18T10:52:34.256-0500][gc,phases    ] GC(1)   Evacuate Collection Set: 7,3ms
[2023-07-18T10:52:34.256-0500][gc,phases    ] GC(1)   Post Evacuate Collection Set: 0,3ms
[2023-07-18T10:52:34.257-0500][gc,phases    ] GC(1)   Other: 0,2ms
[2023-07-18T10:52:34.257-0500][gc,heap      ] GC(1) Eden regions: 30->0(49)
[2023-07-18T10:52:34.257-0500][gc,heap      ] GC(1) Survivor regions: 7->2(7)
[2023-07-18T10:52:34.257-0500][gc,heap      ] GC(1) Old regions: 2->9
[2023-07-18T10:52:34.257-0500][gc,heap      ] GC(1) Humongous regions: 0->0
[2023-07-18T10:52:34.257-0500][gc,metaspace ] GC(1) Metaspace: 20464K(21248K)->20464K(21248K) NonClass: 17987K(18432K)->17987K(18432K) Class: 2477K(2816K)->2477K(2816K)
[2023-07-18T10:52:34.257-0500][gc           ] GC(1) Pause Young (Concurrent Start) (Metadata GC Threshold) 36M->8M(1024M) 7,974ms
[2023-07-18T10:52:34.257-0500][gc,cpu       ] GC(1) User=0,04s Sys=0,00s Real=0,01s
[2023-07-18T10:52:34.257-0500][gc           ] GC(2) Concurrent Cycle
[2023-07-18T10:52:34.257-0500][gc,marking   ] GC(2) Concurrent Clear Claimed Marks
[2023-07-18T10:52:34.257-0500][gc,marking   ] GC(2) Concurrent Clear Claimed Marks 0,018ms
[2023-07-18T10:52:34.257-0500][gc,marking   ] GC(2) Concurrent Scan Root Regions
[2023-07-18T10:52:34.258-0500][gc,marking   ] GC(2) Concurrent Scan Root Regions 0,947ms
[2023-07-18T10:52:34.258-0500][gc,marking   ] GC(2) Concurrent Mark (1,049s)
[2023-07-18T10:52:34.258-0500][gc,marking   ] GC(2) Concurrent Mark From Roots
[2023-07-18T10:52:34.258-0500][gc,task      ] GC(2) Using 3 workers of 3 for marking
[2023-07-18T10:52:34.261-0500][gc,marking   ] GC(2) Concurrent Mark From Roots 3,304ms
[2023-07-18T10:52:34.261-0500][gc,marking   ] GC(2) Concurrent Preclean
[2023-07-18T10:52:34.261-0500][gc,marking   ] GC(2) Concurrent Preclean 0,169ms
[2023-07-18T10:52:34.261-0500][gc,marking   ] GC(2) Concurrent Mark (1,049s, 1,053s) 3,510ms
[2023-07-18T10:52:34.261-0500][gc,start     ] GC(2) Pause Remark
[2023-07-18T10:52:34.263-0500][gc,stringtable] GC(2) Cleaned string and symbol table, strings: 5294 processed, 0 removed, symbols: 53032 processed, 44 removed
[2023-07-18T10:52:34.263-0500][gc            ] GC(2) Pause Remark 8M->8M(1024M) 1,733ms
[2023-07-18T10:52:34.263-0500][gc,cpu        ] GC(2) User=0,01s Sys=0,00s Real=0,00s
[2023-07-18T10:52:34.263-0500][gc,marking    ] GC(2) Concurrent Rebuild Remembered Sets
[2023-07-18T10:52:34.265-0500][gc,marking    ] GC(2) Concurrent Rebuild Remembered Sets 2,307ms
[2023-07-18T10:52:34.265-0500][gc,start      ] GC(2) Pause Cleanup
[2023-07-18T10:52:34.266-0500][gc            ] GC(2) Pause Cleanup 9M->9M(1024M) 0,152ms
[2023-07-18T10:52:34.266-0500][gc,cpu        ] GC(2) User=0,00s Sys=0,00s Real=0,00s
[2023-07-18T10:52:34.266-0500][gc,marking    ] GC(2) Concurrent Cleanup for Next Mark
[2023-07-18T10:52:34.269-0500][gc,marking    ] GC(2) Concurrent Cleanup for Next Mark 3,760ms
[2023-07-18T10:52:34.269-0500][gc            ] GC(2) Concurrent Cycle 12,774ms
[2023-07-18T10:52:34.679-0500][gc,start      ] GC(3) Pause Young (Normal) (G1 Evacuation Pause)
[2023-07-18T10:52:34.679-0500][gc,task       ] GC(3) Using 10 workers of 10 for evacuation
[2023-07-18T10:52:34.682-0500][gc,phases     ] GC(3)   Pre Evacuate Collection Set: 0,0ms
[2023-07-18T10:52:34.682-0500][gc,phases     ] GC(3)   Evacuate Collection Set: 2,9ms
[2023-07-18T10:52:34.682-0500][gc,phases     ] GC(3)   Post Evacuate Collection Set: 0,4ms
[2023-07-18T10:52:34.682-0500][gc,phases     ] GC(3)   Other: 0,1ms
[2023-07-18T10:52:34.682-0500][gc,heap       ] GC(3) Eden regions: 49->0(46)
[2023-07-18T10:52:34.682-0500][gc,heap       ] GC(3) Survivor regions: 2->5(7)
[2023-07-18T10:52:34.682-0500][gc,heap       ] GC(3) Old regions: 9->9
[2023-07-18T10:52:34.682-0500][gc,heap       ] GC(3) Humongous regions: 129->129
[2023-07-18T10:52:34.682-0500][gc,metaspace  ] GC(3) Metaspace: 28499K(29696K)->28499K(29696K) NonClass: 25169K(25856K)->25169K(25856K) Class: 3330K(3840K)->3330K(3840K)
[2023-07-18T10:52:34.683-0500][gc            ] GC(3) Pause Young (Normal) (G1 Evacuation Pause) 186M->140M(1024M) 3,503ms
[2023-07-18T10:52:34.683-0500][gc,cpu        ] GC(3) User=0,03s Sys=0,00s Real=0,01s
[2023-07-18T10:52:35.019-0500][gc,start      ] GC(4) Pause Young (Concurrent Start) (Metadata GC Threshold)
[2023-07-18T10:52:35.019-0500][gc,task       ] GC(4) Using 10 workers of 10 for evacuation
[2023-07-18T10:52:35.026-0500][gc,phases     ] GC(4)   Pre Evacuate Collection Set: 0,1ms
[2023-07-18T10:52:35.026-0500][gc,phases     ] GC(4)   Evacuate Collection Set: 6,6ms
[2023-07-18T10:52:35.026-0500][gc,phases     ] GC(4)   Post Evacuate Collection Set: 0,3ms
[2023-07-18T10:52:35.026-0500][gc,phases     ] GC(4)   Other: 0,3ms
[2023-07-18T10:52:35.026-0500][gc,heap       ] GC(4) Eden regions: 31->0(48)
[2023-07-18T10:52:35.026-0500][gc,heap       ] GC(4) Survivor regions: 5->3(7)
[2023-07-18T10:52:35.026-0500][gc,heap       ] GC(4) Old regions: 9->13
[2023-07-18T10:52:35.027-0500][gc,heap       ] GC(4) Humongous regions: 129->129
[2023-07-18T10:52:35.027-0500][gc,metaspace  ] GC(4) Metaspace: 34445K(35840K)->34445K(35840K) NonClass: 30391K(31104K)->30391K(31104K) Class: 4054K(4736K)->4054K(4736K)
[2023-07-18T10:52:35.027-0500][gc            ] GC(4) Pause Young (Concurrent Start) (Metadata GC Threshold) 171M->142M(1024M) 7,437ms
[2023-07-18T10:52:35.027-0500][gc,cpu        ] GC(4) User=0,05s Sys=0,01s Real=0,01s
[2023-07-18T10:52:35.027-0500][gc            ] GC(5) Concurrent Cycle
[2023-07-18T10:52:35.027-0500][gc,marking    ] GC(5) Concurrent Clear Claimed Marks
[2023-07-18T10:52:35.027-0500][gc,marking    ] GC(5) Concurrent Clear Claimed Marks 0,038ms
[2023-07-18T10:52:35.027-0500][gc,marking    ] GC(5) Concurrent Scan Root Regions
[2023-07-18T10:52:35.028-0500][gc,marking    ] GC(5) Concurrent Scan Root Regions 0,939ms
[2023-07-18T10:52:35.028-0500][gc,marking    ] GC(5) Concurrent Mark (1,819s)
[2023-07-18T10:52:35.028-0500][gc,marking    ] GC(5) Concurrent Mark From Roots
[2023-07-18T10:52:35.028-0500][gc,task       ] GC(5) Using 3 workers of 3 for marking
[2023-07-18T10:52:35.037-0500][gc,marking    ] GC(5) Concurrent Mark From Roots 9,308ms
[2023-07-18T10:52:35.037-0500][gc,marking    ] GC(5) Concurrent Preclean
[2023-07-18T10:52:35.037-0500][gc,marking    ] GC(5) Concurrent Preclean 0,193ms
[2023-07-18T10:52:35.037-0500][gc,marking    ] GC(5) Concurrent Mark (1,819s, 1,829s) 9,556ms
[2023-07-18T10:52:35.037-0500][gc,start      ] GC(5) Pause Remark
[2023-07-18T10:52:35.039-0500][gc,stringtable] GC(5) Cleaned string and symbol table, strings: 10585 processed, 13 removed, symbols: 85566 processed, 15 removed
[2023-07-18T10:52:35.040-0500][gc            ] GC(5) Pause Remark 144M->144M(1024M) 2,307ms
[2023-07-18T10:52:35.040-0500][gc,cpu        ] GC(5) User=0,01s Sys=0,00s Real=0,00s
[2023-07-18T10:52:35.040-0500][gc,marking    ] GC(5) Concurrent Rebuild Remembered Sets
[2023-07-18T10:52:35.044-0500][gc,marking    ] GC(5) Concurrent Rebuild Remembered Sets 4,032ms
[2023-07-18T10:52:35.044-0500][gc,start      ] GC(5) Pause Cleanup
[2023-07-18T10:52:35.044-0500][gc            ] GC(5) Pause Cleanup 145M->145M(1024M) 0,283ms
[2023-07-18T10:52:35.044-0500][gc,cpu        ] GC(5) User=0,00s Sys=0,00s Real=0,00s
[2023-07-18T10:52:35.044-0500][gc,marking    ] GC(5) Concurrent Cleanup for Next Mark
[2023-07-18T10:52:35.047-0500][gc,marking    ] GC(5) Concurrent Cleanup for Next Mark 2,775ms
[2023-07-18T10:52:35.047-0500][gc            ] GC(5) Concurrent Cycle 20,351ms
[2023-07-18T10:55:27.622-0500][gc,start      ] GC(6) Pause Young (Normal) (G1 Evacuation Pause)
[2023-07-18T10:55:27.622-0500][gc,task       ] GC(6) Using 10 workers of 10 for evacuation
[2023-07-18T10:55:27.626-0500][gc,phases     ] GC(6)   Pre Evacuate Collection Set: 0,0ms
[2023-07-18T10:55:27.626-0500][gc,phases     ] GC(6)   Evacuate Collection Set: 3,8ms
[2023-07-18T10:55:27.626-0500][gc,phases     ] GC(6)   Post Evacuate Collection Set: 0,5ms
[2023-07-18T10:55:27.626-0500][gc,phases     ] GC(6)   Other: 0,3ms
[2023-07-18T10:55:27.626-0500][gc,heap       ] GC(6) Eden regions: 48->0(46)
[2023-07-18T10:55:27.626-0500][gc,heap       ] GC(6) Survivor regions: 3->5(7)
[2023-07-18T10:55:27.626-0500][gc,heap       ] GC(6) Old regions: 13->13
[2023-07-18T10:55:27.626-0500][gc,heap       ] GC(6) Humongous regions: 129->129
[2023-07-18T10:55:27.626-0500][gc,metaspace  ] GC(6) Metaspace: 42013K(44876K)->42013K(44876K) NonClass: 36418K(37888K)->36418K(37888K) Class: 5595K(6988K)->5595K(6988K)
[2023-07-18T10:55:27.626-0500][gc            ] GC(6) Pause Young (Normal) (G1 Evacuation Pause) 190M->145M(1024M) 4,625ms
[2023-07-18T10:55:27.626-0500][gc,cpu        ] GC(6) User=0,04s Sys=0,00s Real=0,00s
[2023-07-18T11:14:52.975-0500][gc,start      ] GC(7) Pause Young (Normal) (G1 Evacuation Pause)
[2023-07-18T11:14:52.975-0500][gc,task       ] GC(7) Using 10 workers of 10 for evacuation
[2023-07-18T11:14:52.980-0500][gc,phases     ] GC(7)   Pre Evacuate Collection Set: 0,0ms
[2023-07-18T11:14:52.980-0500][gc,phases     ] GC(7)   Evacuate Collection Set: 4,0ms
[2023-07-18T11:14:52.980-0500][gc,phases     ] GC(7)   Post Evacuate Collection Set: 0,8ms
[2023-07-18T11:14:52.980-0500][gc,phases     ] GC(7)   Other: 0,3ms
[2023-07-18T11:14:52.980-0500][gc,heap       ] GC(7) Eden regions: 46->0(48)
[2023-07-18T11:14:52.980-0500][gc,heap       ] GC(7) Survivor regions: 5->3(7)
[2023-07-18T11:14:52.980-0500][gc,heap       ] GC(7) Old regions: 13->15
[2023-07-18T11:14:52.980-0500][gc,heap       ] GC(7) Humongous regions: 129->129
[2023-07-18T11:14:52.980-0500][gc,metaspace  ] GC(7) Metaspace: 43274K(46284K)->43274K(46284K) NonClass: 37589K(39168K)->37589K(39168K) Class: 5684K(7116K)->5684K(7116K)
[2023-07-18T11:14:52.980-0500][gc            ] GC(7) Pause Young (Normal) (G1 Evacuation Pause) 191M->145M(1024M) 5,388ms
[2023-07-18T11:14:52.981-0500][gc,cpu        ] GC(7) User=0,04s Sys=0,00s Real=0,00s
[2023-07-18T11:39:07.446-0500][gc,start      ] GC(8) Pause Young (Normal) (G1 Evacuation Pause)
[2023-07-18T11:39:07.446-0500][gc,task       ] GC(8) Using 10 workers of 10 for evacuation
[2023-07-18T11:39:07.452-0500][gc,phases     ] GC(8)   Pre Evacuate Collection Set: 0,0ms
[2023-07-18T11:39:07.452-0500][gc,phases     ] GC(8)   Evacuate Collection Set: 5,0ms
[2023-07-18T11:39:07.452-0500][gc,phases     ] GC(8)   Post Evacuate Collection Set: 0,8ms
[2023-07-18T11:39:07.452-0500][gc,phases     ] GC(8)   Other: 0,3ms
[2023-07-18T11:39:07.452-0500][gc,heap       ] GC(8) Eden regions: 48->0(48)
[2023-07-18T11:39:07.452-0500][gc,heap       ] GC(8) Survivor regions: 3->3(7)
[2023-07-18T11:39:07.452-0500][gc,heap       ] GC(8) Old regions: 15->15
[2023-07-18T11:39:07.452-0500][gc,heap       ] GC(8) Humongous regions: 129->129
[2023-07-18T11:39:07.452-0500][gc,metaspace  ] GC(8) Metaspace: 43561K(46540K)->43561K(46540K) NonClass: 37877K(39424K)->37877K(39424K) Class: 5684K(7116K)->5684K(7116K)
[2023-07-18T11:39:07.452-0500][gc            ] GC(8) Pause Young (Normal) (G1 Evacuation Pause) 193M->145M(1024M) 6,351ms
[2023-07-18T11:39:07.452-0500][gc,cpu        ] GC(8) User=0,05s Sys=0,00s Real=0,01s
[2023-07-18T12:05:02.779-0500][gc,start      ] GC(9) Pause Young (Normal) (G1 Evacuation Pause)
[2023-07-18T12:05:02.779-0500][gc,task       ] GC(9) Using 10 workers of 10 for evacuation
[2023-07-18T12:05:02.783-0500][gc,phases     ] GC(9)   Pre Evacuate Collection Set: 0,0ms
[2023-07-18T12:05:02.783-0500][gc,phases     ] GC(9)   Evacuate Collection Set: 2,5ms
[2023-07-18T12:05:02.783-0500][gc,phases     ] GC(9)   Post Evacuate Collection Set: 1,4ms
[2023-07-18T12:05:02.783-0500][gc,phases     ] GC(9)   Other: 0,2ms
[2023-07-18T12:05:02.783-0500][gc,heap       ] GC(9) Eden regions: 48->0(51)
[2023-07-18T12:05:02.783-0500][gc,heap       ] GC(9) Survivor regions: 3->4(7)
[2023-07-18T12:05:02.783-0500][gc,heap       ] GC(9) Old regions: 15->15
[2023-07-18T12:05:02.783-0500][gc,heap       ] GC(9) Humongous regions: 129->129
[2023-07-18T12:05:02.783-0500][gc,metaspace  ] GC(9) Metaspace: 43704K(46540K)->43704K(46540K) NonClass: 38014K(39424K)->38014K(39424K) Class: 5689K(7116K)->5689K(7116K)
[2023-07-18T12:05:02.783-0500][gc            ] GC(9) Pause Young (Normal) (G1 Evacuation Pause) 193M->145M(1024M) 4,110ms
[2023-07-18T12:05:02.783-0500][gc,cpu        ] GC(9) User=0,03s Sys=0,00s Real=0,01s
[2023-07-18T12:17:41.288-0500][gc,heap,exit  ] Heap
[2023-07-18T12:17:41.289-0500][gc,heap,exit  ]  garbage-first heap   total 1048576K, used 182866K [0x00000000c0000000, 0x0000000100000000)
[2023-07-18T12:17:41.289-0500][gc,heap,exit  ]   region size 1024K, 38 young (38912K), 4 survivors (4096K)
[2023-07-18T12:17:41.289-0500][gc,heap,exit  ]  Metaspace       used 44719K, capacity 47796K, committed 47948K, reserved 1089536K
[2023-07-18T12:17:41.289-0500][gc,heap,exit  ]   class space    used 5997K, capacity 7491K, committed 7500K, reserved 1048576K
