[2023-08-01T16:29:34.616+0000][gc,heap] Heap region size: 1M
[2023-08-01T16:29:34.628+0000][gc     ] Using G1
[2023-08-01T16:29:34.628+0000][gc,heap,coops] Heap address: 0x00000000c0000000, size: 1024 MB, Compressed Oops mode: 32-bit
[2023-08-01T16:29:34.629+0000][gc,cds       ] Mark closed archive regions in map: [0x00000000ffe00000, 0x00000000ffe65ff8]
[2023-08-01T16:29:34.629+0000][gc,cds       ] Mark open archive regions in map: [0x00000000ffc00000, 0x00000000ffc42ff8]
[2023-08-01T16:29:35.423+0000][gc,start     ] GC(0) Pause Young (Normal) (G1 Evacuation Pause)
[2023-08-01T16:29:35.424+0000][gc,task      ] GC(0) Using 6 workers of 6 for evacuation
[2023-08-01T16:29:35.431+0000][gc,phases    ] GC(0)   Pre Evacuate Collection Set: 0.0ms
[2023-08-01T16:29:35.431+0000][gc,phases    ] GC(0)   Evacuate Collection Set: 6.1ms
[2023-08-01T16:29:35.431+0000][gc,phases    ] GC(0)   Post Evacuate Collection Set: 0.5ms
[2023-08-01T16:29:35.431+0000][gc,phases    ] GC(0)   Other: 1.0ms
[2023-08-01T16:29:35.431+0000][gc,heap      ] GC(0) Eden regions: 51->0(44)
[2023-08-01T16:29:35.431+0000][gc,heap      ] GC(0) Survivor regions: 0->7(7)
[2023-08-01T16:29:35.431+0000][gc,heap      ] GC(0) Old regions: 2->2
[2023-08-01T16:29:35.431+0000][gc,heap      ] GC(0) Humongous regions: 0->0
[2023-08-01T16:29:35.431+0000][gc,metaspace ] GC(0) Metaspace: 13798K(14592K)->13798K(14592K) NonClass: 12053K(12544K)->12053K(12544K) Class: 1745K(2048K)->1745K(2048K)
[2023-08-01T16:29:35.431+0000][gc           ] GC(0) Pause Young (Normal) (G1 Evacuation Pause) 51M->7M(1024M) 8.111ms
[2023-08-01T16:29:35.431+0000][gc,cpu       ] GC(0) User=0.03s Sys=0.01s Real=0.00s
[2023-08-01T16:29:35.834+0000][gc,start     ] GC(1) Pause Young (Concurrent Start) (Metadata GC Threshold)
[2023-08-01T16:29:35.834+0000][gc,task      ] GC(1) Using 6 workers of 6 for evacuation
[2023-08-01T16:29:35.842+0000][gc,phases    ] GC(1)   Pre Evacuate Collection Set: 0.1ms
[2023-08-01T16:29:35.842+0000][gc,phases    ] GC(1)   Evacuate Collection Set: 7.4ms
[2023-08-01T16:29:35.842+0000][gc,phases    ] GC(1)   Post Evacuate Collection Set: 0.5ms
[2023-08-01T16:29:35.842+0000][gc,phases    ] GC(1)   Other: 0.4ms
[2023-08-01T16:29:35.842+0000][gc,heap      ] GC(1) Eden regions: 29->0(49)
[2023-08-01T16:29:35.842+0000][gc,heap      ] GC(1) Survivor regions: 7->2(7)
[2023-08-01T16:29:35.842+0000][gc,heap      ] GC(1) Old regions: 2->9
[2023-08-01T16:29:35.842+0000][gc,heap      ] GC(1) Humongous regions: 0->0
[2023-08-01T16:29:35.842+0000][gc,metaspace ] GC(1) Metaspace: 20396K(21296K)->20396K(21296K) NonClass: 17841K(18432K)->17841K(18432K) Class: 2555K(2864K)->2555K(2864K)
[2023-08-01T16:29:35.843+0000][gc           ] GC(1) Pause Young (Concurrent Start) (Metadata GC Threshold) 36M->8M(1024M) 8.872ms
[2023-08-01T16:29:35.843+0000][gc,cpu       ] GC(1) User=0.03s Sys=0.00s Real=0.01s
[2023-08-01T16:29:35.843+0000][gc           ] GC(2) Concurrent Cycle
[2023-08-01T16:29:35.843+0000][gc,marking   ] GC(2) Concurrent Clear Claimed Marks
[2023-08-01T16:29:35.843+0000][gc,marking   ] GC(2) Concurrent Clear Claimed Marks 0.074ms
[2023-08-01T16:29:35.843+0000][gc,marking   ] GC(2) Concurrent Scan Root Regions
[2023-08-01T16:29:35.845+0000][gc,marking   ] GC(2) Concurrent Scan Root Regions 1.663ms
[2023-08-01T16:29:35.845+0000][gc,marking   ] GC(2) Concurrent Mark (1.234s)
[2023-08-01T16:29:35.845+0000][gc,marking   ] GC(2) Concurrent Mark From Roots
[2023-08-01T16:29:35.845+0000][gc,task      ] GC(2) Using 2 workers of 2 for marking
[2023-08-01T16:29:35.851+0000][gc,marking   ] GC(2) Concurrent Mark From Roots 5.734ms
[2023-08-01T16:29:35.851+0000][gc,marking   ] GC(2) Concurrent Preclean
[2023-08-01T16:29:35.851+0000][gc,marking   ] GC(2) Concurrent Preclean 0.210ms
[2023-08-01T16:29:35.851+0000][gc,marking   ] GC(2) Concurrent Mark (1.234s, 1.240s) 6.158ms
[2023-08-01T16:29:35.851+0000][gc,start     ] GC(2) Pause Remark
[2023-08-01T16:29:35.853+0000][gc,stringtable] GC(2) Cleaned string and symbol table, strings: 5184 processed, 0 removed, symbols: 51044 processed, 47 removed
[2023-08-01T16:29:35.854+0000][gc            ] GC(2) Pause Remark 8M->8M(1024M) 2.585ms
[2023-08-01T16:29:35.854+0000][gc,cpu        ] GC(2) User=0.01s Sys=0.00s Real=0.01s
[2023-08-01T16:29:35.854+0000][gc,marking    ] GC(2) Concurrent Rebuild Remembered Sets
[2023-08-01T16:29:35.858+0000][gc,marking    ] GC(2) Concurrent Rebuild Remembered Sets 3.670ms
[2023-08-01T16:29:35.858+0000][gc,start      ] GC(2) Pause Cleanup
[2023-08-01T16:29:35.859+0000][gc            ] GC(2) Pause Cleanup 8M->8M(1024M) 0.523ms
[2023-08-01T16:29:35.859+0000][gc,cpu        ] GC(2) User=0.00s Sys=0.00s Real=0.00s
[2023-08-01T16:29:35.859+0000][gc,marking    ] GC(2) Concurrent Cleanup for Next Mark
[2023-08-01T16:29:35.864+0000][gc,marking    ] GC(2) Concurrent Cleanup for Next Mark 4.853ms
[2023-08-01T16:29:35.864+0000][gc            ] GC(2) Concurrent Cycle 20.866ms
[2023-08-01T16:29:36.427+0000][gc,start      ] GC(3) Pause Young (Normal) (G1 Evacuation Pause)
[2023-08-01T16:29:36.427+0000][gc,task       ] GC(3) Using 6 workers of 6 for evacuation
[2023-08-01T16:29:36.435+0000][gc,phases     ] GC(3)   Pre Evacuate Collection Set: 0.0ms
[2023-08-01T16:29:36.435+0000][gc,phases     ] GC(3)   Evacuate Collection Set: 6.9ms
[2023-08-01T16:29:36.435+0000][gc,phases     ] GC(3)   Post Evacuate Collection Set: 0.6ms
[2023-08-01T16:29:36.435+0000][gc,phases     ] GC(3)   Other: 0.4ms
[2023-08-01T16:29:36.435+0000][gc,heap       ] GC(3) Eden regions: 49->0(46)
[2023-08-01T16:29:36.435+0000][gc,heap       ] GC(3) Survivor regions: 2->5(7)
[2023-08-01T16:29:36.435+0000][gc,heap       ] GC(3) Old regions: 9->9
[2023-08-01T16:29:36.435+0000][gc,heap       ] GC(3) Humongous regions: 129->129
[2023-08-01T16:29:36.435+0000][gc,metaspace  ] GC(3) Metaspace: 28291K(29488K)->28291K(29488K) NonClass: 24921K(25600K)->24921K(25600K) Class: 3369K(3888K)->3369K(3888K)
[2023-08-01T16:29:36.435+0000][gc            ] GC(3) Pause Young (Normal) (G1 Evacuation Pause) 186M->140M(1024M) 8.353ms
[2023-08-01T16:29:36.435+0000][gc,cpu        ] GC(3) User=0.02s Sys=0.00s Real=0.01s
[2023-08-01T16:29:36.806+0000][gc,start      ] GC(4) Pause Young (Concurrent Start) (Metadata GC Threshold)
[2023-08-01T16:29:36.806+0000][gc,task       ] GC(4) Using 6 workers of 6 for evacuation
[2023-08-01T16:29:36.814+0000][gc,phases     ] GC(4)   Pre Evacuate Collection Set: 0.2ms
[2023-08-01T16:29:36.814+0000][gc,phases     ] GC(4)   Evacuate Collection Set: 6.9ms
[2023-08-01T16:29:36.814+0000][gc,phases     ] GC(4)   Post Evacuate Collection Set: 0.5ms
[2023-08-01T16:29:36.814+0000][gc,phases     ] GC(4)   Other: 0.5ms
[2023-08-01T16:29:36.814+0000][gc,heap       ] GC(4) Eden regions: 30->0(48)
[2023-08-01T16:29:36.814+0000][gc,heap       ] GC(4) Survivor regions: 5->3(7)
[2023-08-01T16:29:36.814+0000][gc,heap       ] GC(4) Old regions: 9->14
[2023-08-01T16:29:36.815+0000][gc,heap       ] GC(4) Humongous regions: 129->129
[2023-08-01T16:29:36.815+0000][gc,metaspace  ] GC(4) Metaspace: 34154K(35632K)->34154K(35632K) NonClass: 30006K(30720K)->30006K(30720K) Class: 4148K(4912K)->4148K(4912K)
[2023-08-01T16:29:36.815+0000][gc            ] GC(4) Pause Young (Concurrent Start) (Metadata GC Threshold) 170M->142M(1024M) 8.524ms
[2023-08-01T16:29:36.815+0000][gc,cpu        ] GC(4) User=0.02s Sys=0.00s Real=0.01s
[2023-08-01T16:29:36.815+0000][gc            ] GC(5) Concurrent Cycle
[2023-08-01T16:29:36.815+0000][gc,marking    ] GC(5) Concurrent Clear Claimed Marks
[2023-08-01T16:29:36.815+0000][gc,marking    ] GC(5) Concurrent Clear Claimed Marks 0.157ms
[2023-08-01T16:29:36.816+0000][gc,marking    ] GC(5) Concurrent Scan Root Regions
[2023-08-01T16:29:36.818+0000][gc,marking    ] GC(5) Concurrent Scan Root Regions 2.620ms
[2023-08-01T16:29:36.818+0000][gc,marking    ] GC(5) Concurrent Mark (2.208s)
[2023-08-01T16:29:36.818+0000][gc,marking    ] GC(5) Concurrent Mark From Roots
[2023-08-01T16:29:36.819+0000][gc,task       ] GC(5) Using 2 workers of 2 for marking
[2023-08-01T16:29:36.842+0000][gc,marking    ] GC(5) Concurrent Mark From Roots 23.527ms
[2023-08-01T16:29:36.842+0000][gc,marking    ] GC(5) Concurrent Preclean
[2023-08-01T16:29:36.842+0000][gc,marking    ] GC(5) Concurrent Preclean 0.290ms
[2023-08-01T16:29:36.843+0000][gc,marking    ] GC(5) Concurrent Mark (2.208s, 2.232s) 24.111ms
[2023-08-01T16:29:36.843+0000][gc,start      ] GC(5) Pause Remark
[2023-08-01T16:29:36.849+0000][gc,stringtable] GC(5) Cleaned string and symbol table, strings: 9894 processed, 12 removed, symbols: 81979 processed, 19 removed
[2023-08-01T16:29:36.849+0000][gc            ] GC(5) Pause Remark 144M->144M(1024M) 6.523ms
[2023-08-01T16:29:36.849+0000][gc,cpu        ] GC(5) User=0.03s Sys=0.00s Real=0.00s
[2023-08-01T16:29:36.849+0000][gc,marking    ] GC(5) Concurrent Rebuild Remembered Sets
[2023-08-01T16:29:36.866+0000][gc,marking    ] GC(5) Concurrent Rebuild Remembered Sets 16.853ms
[2023-08-01T16:29:36.867+0000][gc,start      ] GC(5) Pause Cleanup
[2023-08-01T16:29:36.867+0000][gc            ] GC(5) Pause Cleanup 144M->144M(1024M) 0.462ms
[2023-08-01T16:29:36.867+0000][gc,cpu        ] GC(5) User=0.00s Sys=0.00s Real=0.00s
[2023-08-01T16:29:36.867+0000][gc,marking    ] GC(5) Concurrent Cleanup for Next Mark
[2023-08-01T16:29:36.883+0000][gc,marking    ] GC(5) Concurrent Cleanup for Next Mark 15.148ms
[2023-08-01T16:29:36.883+0000][gc            ] GC(5) Concurrent Cycle 67.900ms
[2023-08-01T16:44:07.567+0000][gc,start      ] GC(6) Pause Young (Normal) (G1 Evacuation Pause)
[2023-08-01T16:44:07.567+0000][gc,task       ] GC(6) Using 6 workers of 6 for evacuation
[2023-08-01T16:44:07.577+0000][gc,phases     ] GC(6)   Pre Evacuate Collection Set: 0.3ms
[2023-08-01T16:44:07.577+0000][gc,phases     ] GC(6)   Evacuate Collection Set: 7.5ms
[2023-08-01T16:44:07.577+0000][gc,phases     ] GC(6)   Post Evacuate Collection Set: 1.0ms
[2023-08-01T16:44:07.577+0000][gc,phases     ] GC(6)   Other: 1.2ms
[2023-08-01T16:44:07.577+0000][gc,heap       ] GC(6) Eden regions: 48->0(47)
[2023-08-01T16:44:07.577+0000][gc,heap       ] GC(6) Survivor regions: 3->4(7)
[2023-08-01T16:44:07.577+0000][gc,heap       ] GC(6) Old regions: 14->14
[2023-08-01T16:44:07.577+0000][gc,heap       ] GC(6) Humongous regions: 129->129
[2023-08-01T16:44:07.577+0000][gc,metaspace  ] GC(6) Metaspace: 39321K(41520K)->39321K(41520K) NonClass: 34270K(35328K)->34270K(35328K) Class: 5050K(6192K)->5050K(6192K)
[2023-08-01T16:44:07.577+0000][gc            ] GC(6) Pause Young (Normal) (G1 Evacuation Pause) 190M->144M(1024M) 10.592ms
[2023-08-01T16:44:07.578+0000][gc,cpu        ] GC(6) User=0.04s Sys=0.00s Real=0.01s
[2023-08-01T17:09:58.404+0000][gc,start      ] GC(7) Pause Young (Normal) (G1 Evacuation Pause)
[2023-08-01T17:09:58.404+0000][gc,task       ] GC(7) Using 6 workers of 6 for evacuation
[2023-08-01T17:09:58.409+0000][gc,phases     ] GC(7)   Pre Evacuate Collection Set: 0.1ms
[2023-08-01T17:09:58.410+0000][gc,phases     ] GC(7)   Evacuate Collection Set: 4.3ms
[2023-08-01T17:09:58.410+0000][gc,phases     ] GC(7)   Post Evacuate Collection Set: 0.8ms
[2023-08-01T17:09:58.410+0000][gc,phases     ] GC(7)   Other: 0.4ms
[2023-08-01T17:09:58.410+0000][gc,heap       ] GC(7) Eden regions: 47->0(46)
[2023-08-01T17:09:58.410+0000][gc,heap       ] GC(7) Survivor regions: 4->5(7)
[2023-08-01T17:09:58.410+0000][gc,heap       ] GC(7) Old regions: 14->14
[2023-08-01T17:09:58.410+0000][gc,heap       ] GC(7) Humongous regions: 129->129
[2023-08-01T17:09:58.410+0000][gc,metaspace  ] GC(7) Metaspace: 42889K(46000K)->42889K(46000K) NonClass: 37044K(38656K)->37044K(38656K) Class: 5845K(7344K)->5845K(7344K)
[2023-08-01T17:09:58.410+0000][gc            ] GC(7) Pause Young (Normal) (G1 Evacuation Pause) 191M->145M(1024M) 5.988ms
[2023-08-01T17:09:58.410+0000][gc,cpu        ] GC(7) User=0.02s Sys=0.00s Real=0.01s
[2023-08-01T17:09:58.724+0000][gc,heap,exit  ] Heap
[2023-08-01T17:09:58.725+0000][gc,heap,exit  ]  garbage-first heap   total 1048576K, used 156939K [0x00000000c0000000, 0x0000000100000000)
[2023-08-01T17:09:58.725+0000][gc,heap,exit  ]   region size 1024K, 14 young (14336K), 5 survivors (5120K)
[2023-08-01T17:09:58.725+0000][gc,heap,exit  ]  Metaspace       used 43477K, capacity 46478K, committed 46768K, reserved 1089536K
[2023-08-01T17:09:58.725+0000][gc,heap,exit  ]   class space    used 6021K, capacity 7549K, committed 7600K, reserved 1048576K
