[2023-08-01T13:58:26.195+0000][gc,heap] Heap region size: 1M
[2023-08-01T13:58:26.206+0000][gc     ] Using G1
[2023-08-01T13:58:26.206+0000][gc,heap,coops] Heap address: 0x00000000c0000000, size: 1024 MB, Compressed Oops mode: 32-bit
[2023-08-01T13:58:26.206+0000][gc,cds       ] Mark closed archive regions in map: [0x00000000fff00000, 0x00000000fff6aff8]
[2023-08-01T13:58:26.206+0000][gc,cds       ] Mark open archive regions in map: [0x00000000ffe00000, 0x00000000ffe47ff8]
[2023-08-01T13:58:27.221+0000][gc,start     ] GC(0) Pause Young (Normal) (G1 Evacuation Pause)
[2023-08-01T13:58:27.223+0000][gc,task      ] GC(0) Using 6 workers of 6 for evacuation
[2023-08-01T13:58:27.233+0000][gc,phases    ] GC(0)   Pre Evacuate Collection Set: 0.1ms
[2023-08-01T13:58:27.233+0000][gc,phases    ] GC(0)   Evacuate Collection Set: 8.8ms
[2023-08-01T13:58:27.233+0000][gc,phases    ] GC(0)   Post Evacuate Collection Set: 0.7ms
[2023-08-01T13:58:27.233+0000][gc,phases    ] GC(0)   Other: 2.2ms
[2023-08-01T13:58:27.233+0000][gc,heap      ] GC(0) Eden regions: 51->0(44)
[2023-08-01T13:58:27.233+0000][gc,heap      ] GC(0) Survivor regions: 0->7(7)
[2023-08-01T13:58:27.233+0000][gc,heap      ] GC(0) Old regions: 2->2
[2023-08-01T13:58:27.233+0000][gc,heap      ] GC(0) Humongous regions: 0->0
[2023-08-01T13:58:27.233+0000][gc,metaspace ] GC(0) Metaspace: 14148K(14848K)->14148K(14848K) NonClass: 12410K(12800K)->12410K(12800K) Class: 1737K(2048K)->1737K(2048K)
[2023-08-01T13:58:27.233+0000][gc           ] GC(0) Pause Young (Normal) (G1 Evacuation Pause) 51M->7M(1024M) 12.178ms
[2023-08-01T13:58:27.233+0000][gc,cpu       ] GC(0) User=0.03s Sys=0.01s Real=0.01s
[2023-08-01T13:58:46.181+0000][gc,heap,exit ] Heap
[2023-08-01T13:58:46.181+0000][gc,heap,exit ]  garbage-first heap   total 1048576K, used 13544K [0x00000000c0000000, 0x0000000100000000)
[2023-08-01T13:58:46.181+0000][gc,heap,exit ]   region size 1024K, 14 young (14336K), 7 survivors (7168K)
[2023-08-01T13:58:46.181+0000][gc,heap,exit ]  Metaspace       used 15115K, capacity 15564K, committed 15616K, reserved 1062912K
[2023-08-01T13:58:46.181+0000][gc,heap,exit ]   class space    used 1854K, capacity 2036K, committed 2048K, reserved 1048576K
