[2023-08-01T16:26:30.649+0000][gc,heap] Heap region size: 1M
[2023-08-01T16:26:30.659+0000][gc     ] Using G1
[2023-08-01T16:26:30.659+0000][gc,heap,coops] Heap address: 0x00000000c0000000, size: 1024 MB, Compressed Oops mode: 32-bit
[2023-08-01T16:26:30.659+0000][gc,cds       ] Mark closed archive regions in map: [0x00000000ffe00000, 0x00000000ffe65ff8]
[2023-08-01T16:26:30.659+0000][gc,cds       ] Mark open archive regions in map: [0x00000000ffc00000, 0x00000000ffc42ff8]
[2023-08-01T16:26:31.464+0000][gc,start     ] GC(0) Pause Young (Normal) (G1 Evacuation Pause)
[2023-08-01T16:26:31.465+0000][gc,task      ] GC(0) Using 6 workers of 6 for evacuation
[2023-08-01T16:26:31.475+0000][gc,phases    ] GC(0)   Pre Evacuate Collection Set: 0.1ms
[2023-08-01T16:26:31.475+0000][gc,phases    ] GC(0)   Evacuate Collection Set: 9.0ms
[2023-08-01T16:26:31.475+0000][gc,phases    ] GC(0)   Post Evacuate Collection Set: 0.9ms
[2023-08-01T16:26:31.475+0000][gc,phases    ] GC(0)   Other: 1.1ms
[2023-08-01T16:26:31.475+0000][gc,heap      ] GC(0) Eden regions: 51->0(44)
[2023-08-01T16:26:31.475+0000][gc,heap      ] GC(0) Survivor regions: 0->7(7)
[2023-08-01T16:26:31.475+0000][gc,heap      ] GC(0) Old regions: 2->2
[2023-08-01T16:26:31.476+0000][gc,heap      ] GC(0) Humongous regions: 0->0
[2023-08-01T16:26:31.476+0000][gc,metaspace ] GC(0) Metaspace: 13858K(14592K)->13858K(14592K) NonClass: 12105K(12544K)->12105K(12544K) Class: 1752K(2048K)->1752K(2048K)
[2023-08-01T16:26:31.476+0000][gc           ] GC(0) Pause Young (Normal) (G1 Evacuation Pause) 51M->7M(1024M) 11.610ms
[2023-08-01T16:26:31.476+0000][gc,cpu       ] GC(0) User=0.04s Sys=0.00s Real=0.01s
[2023-08-01T16:26:34.125+0000][gc,heap,exit ] Heap
[2023-08-01T16:26:34.125+0000][gc,heap,exit ]  garbage-first heap   total 1048576K, used 9349K [0x00000000c0000000, 0x0000000100000000)
[2023-08-01T16:26:34.125+0000][gc,heap,exit ]   region size 1024K, 10 young (10240K), 7 survivors (7168K)
[2023-08-01T16:26:34.125+0000][gc,heap,exit ]  Metaspace       used 14426K, capacity 14869K, committed 15104K, reserved 1062912K
[2023-08-01T16:26:34.125+0000][gc,heap,exit ]   class space    used 1822K, capacity 2014K, committed 2048K, reserved 1048576K
