[2023-08-01T16:28:15.489+0000][gc,heap] Heap region size: 1M
[2023-08-01T16:28:15.498+0000][gc     ] Using G1
[2023-08-01T16:28:15.499+0000][gc,heap,coops] Heap address: 0x00000000c0000000, size: 1024 MB, Compressed Oops mode: 32-bit
[2023-08-01T16:28:15.499+0000][gc,cds       ] Mark closed archive regions in map: [0x00000000ffe00000, 0x00000000ffe65ff8]
[2023-08-01T16:28:15.499+0000][gc,cds       ] Mark open archive regions in map: [0x00000000ffc00000, 0x00000000ffc42ff8]
[2023-08-01T16:28:16.180+0000][gc,heap,exit ] Heap
[2023-08-01T16:28:16.180+0000][gc,heap,exit ]  garbage-first heap   total 1048576K, used 46756K [0x00000000c0000000, 0x0000000100000000)
[2023-08-01T16:28:16.180+0000][gc,heap,exit ]   region size 1024K, 46 young (47104K), 0 survivors (0K)
[2023-08-01T16:28:16.180+0000][gc,heap,exit ]  Metaspace       used 12779K, capacity 13207K, committed 13440K, reserved 1060864K
[2023-08-01T16:28:16.180+0000][gc,heap,exit ]   class space    used 1611K, capacity 1796K, committed 1920K, reserved 1048576K
